[job 2][stderr] 'sh' is not recognized as an internal or external command,
operable program or batch file.

[job 2][stderr] During startup - Warning messages:
1: Setting LC_COLLATE=C.UTF-8 failed 
2: Setting LC_CTYPE=C.UTF-8 failed 
3: Setting LC_MONETARY=C.UTF-8 failed 
4: Setting LC_TIME=C.UTF-8 failed 

[job 1][stderr] 'sh' is not recognized as an internal or external command,
operable program or batch file.

[job 2][stderr] [microarray] R/limma not available (R and/or the Bioconductor 'limma' package aren't available (The R package "limma" is not installed.). In R: BiocManager::install('limma')); using Python fallback.

[job 1][stderr] During startup - Warning messages:
1: Setting LC_COLLATE=C.UTF-8 failed 
2: Setting LC_CTYPE=C.UTF-8 failed 
3: Setting LC_MONETARY=C.UTF-8 failed 
4: Setting LC_TIME=C.UTF-8 failed 

[job 1][stderr] [microarray] R/limma not available (R and/or the Bioconductor 'limma' package aren't available (The R package "limma" is not installed.). In R: BiocManager::install('limma')); using Python fallback.

[job 2][stderr] C:\Users\Anirudra Kisku\anaconda3\Lib\site-packages\joblib\externals\loky\backend\context.py:131: UserWarning: Could not find the number of physical cores for the following reason:
[WinError 2] The system cannot find the file specified
Returning the number of logical cores instead. You can silence this warning by setting LOKY_MAX_CPU_COUNT to the number of cores you want to use.
  warnings.warn(

[job 2][stderr]   File "C:\Users\Anirudra Kisku\anaconda3\Lib\site-packages\joblib\externals\loky\backend\context.py", line 247, in _count_physical_cores
    cpu_count_physical = _count_physical_cores_win32()
  File "C:\Users\Anirudra Kisku\anaconda3\Lib\site-packages\joblib\externals\loky\backend\context.py", line 299, in _count_physical_cores_win32
    cpu_info = subprocess.run(
        "wmic CPU Get NumberOfCores /Format:csv".split(),
        capture_output=True,
        text=True,
    )
  File "C:\Users\Anirudra Kisku\anaconda3\Lib\subprocess.py", line 554, in run
    with Popen(*popenargs, **kwargs) as process:
         ~~~~~^^^^^^^^^^^^^^^^^^^^^^
  File "C:\Users\Anirudra Kisku\anaconda3\Lib\subprocess.py", line 1039, in __init__
    self._execute_child(args, executable, preexec_fn, close_fds,
    ~~~~~~~~~~~~~~~~~~~^^^^^^^^^^^^^^^^^^^^^^^^^^^^^^^^^^^^^^^^^
                        pass_fds, cwd, env,
                        ^^^^^^^^^^^^^^^^^^^
    ...<5 lines>...
                        gid, gids, uid, umask,
                        ^^^^^^^^^^^^^^^^^^^^^^
                        start_new_session, process_group)
                        ^^^^^^^^^^^^^^^^^^^^^^^^^^^^^^^^^
  File "C:\Users\Anirudra Kisku\anaconda3\Lib\subprocess.py", line 1554, in _execute_child
    hp, ht, pid, tid = _winapi.CreateProcess(executable, args,
                       ~~~~~~~~~~~~~~~~~~~~~^^^^^^^^^^^^^^^^^^
                             # no special security
                             ^^^^^^^^^^^^^^^^^^^^^
    ...<4 lines>...
                             cwd,
                             ^^^^
                             startupinfo)
                             ^^^^^^^^^^^^

[job 2][stderr] C:\Users\Anirudra Kisku\anaconda3\Lib\site-packages\sklearn\cluster\_kmeans.py:1419: UserWarning: KMeans is known to have a memory leak on Windows with MKL, when there are less chunks than available threads. You can avoid it by setting the environment variable OMP_NUM_THREADS=1.
  warnings.warn(

[job 2][stderr] C:\Users\Anirudra Kisku\anaconda3\Lib\site-packages\scipy\stats\_axis_nan_policy.py:611: RuntimeWarning: Precision loss occurred in moment calculation due to catastrophic cancellation. This occurs when the data are nearly identical. Results may be unreliable.
  res = hypotest_fun_out(*samples, axis=axis, **kwds)

[job 1][stderr] C:\Users\Anirudra Kisku\anaconda3\Lib\site-packages\joblib\externals\loky\backend\context.py:131: UserWarning: Could not find the number of physical cores for the following reason:
[WinError 2] The system cannot find the file specified
Returning the number of logical cores instead. You can silence this warning by setting LOKY_MAX_CPU_COUNT to the number of cores you want to use.
  warnings.warn(

[job 1][stderr]   File "C:\Users\Anirudra Kisku\anaconda3\Lib\site-packages\joblib\externals\loky\backend\context.py", line 247, in _count_physical_cores
    cpu_count_physical = _count_physical_cores_win32()
  File "C:\Users\Anirudra Kisku\anaconda3\Lib\site-packages\joblib\externals\loky\backend\context.py", line 299, in _count_physical_cores_win32
    cpu_info = subprocess.run(
        "wmic CPU Get NumberOfCores /Format:csv".split(),
        capture_output=True,
        text=True,
    )
  File "C:\Users\Anirudra Kisku\anaconda3\Lib\subprocess.py", line 554, in run
    with Popen(*popenargs, **kwargs) as process:
         ~~~~~^^^^^^^^^^^^^^^^^^^^^^
  File "C:\Users\Anirudra Kisku\anaconda3\Lib\subprocess.py", line 1039, in __init__
    self._execute_child(args, executable, preexec_fn, close_fds,
    ~~~~~~~~~~~~~~~~~~~^^^^^^^^^^^^^^^^^^^^^^^^^^^^^^^^^^^^^^^^^
                        pass_fds, cwd, env,
                        ^^^^^^^^^^^^^^^^^^^
    ...<5 lines>...
                        gid, gids, uid, umask,
                        ^^^^^^^^^^^^^^^^^^^^^^
                        start_new_session, process_group)
                        ^^^^^^^^^^^^^^^^^^^^^^^^^^^^^^^^^
  File "C:\Users\Anirudra Kisku\anaconda3\Lib\subprocess.py", line 1554, in _execute_child
    hp, ht, pid, tid = _winapi.CreateProcess(executable, args,
                       ~~~~~~~~~~~~~~~~~~~~~^^^^^^^^^^^^^^^^^^
                             # no special security
                             ^^^^^^^^^^^^^^^^^^^^^
    ...<4 lines>...
                             cwd,
                             ^^^^
                             startupinfo)
                             ^^^^^^^^^^^^

[job 1][stderr] C:\Users\Anirudra Kisku\anaconda3\Lib\site-packages\sklearn\cluster\_kmeans.py:1419: UserWarning: KMeans is known to have a memory leak on Windows with MKL, when there are less chunks than available threads. You can avoid it by setting the environment variable OMP_NUM_THREADS=1.
  warnings.warn(

[job 3][stderr] Traceback (most recent call last):

[job 3][stderr]   File "C:\Users\Anirudra Kisku\anaconda3\Lib\site-packages\GEOparse\utils.py", line 80, in download_from_url
    fn.download(silent=silent, force=force)
    ~~~~~~~~~~~^^^^^^^^^^^^^^^^^^^^^^^^^^^^
  File "C:\Users\Anirudra Kisku\anaconda3\Lib\site-packages\GEOparse\downloader.py", line 82, in download
    _download()
    ~~~~~~~~~^^
  File "C:\Users\Anirudra Kisku\anaconda3\Lib\site-packages\GEOparse\downloader.py", line 57, in _download
    shutil.copyfile(self._temp_file_name, self.destination)
    ~~~~~~~~~~~~~~~^^^^^^^^^^^^^^^^^^^^^^^^^^^^^^^^^^^^^^^^

[job 3][stderr]   File "C:\Users\Anirudra Kisku\anaconda3\Lib\shutil.py", line 260, in copyfile
    with open(src, 'rb') as fsrc:
         ~~~~^^^^^^^^^^^
FileNotFoundError: [Errno 2] No such file or directory: 'C:\\Users\\ANIRUD~1\\AppData\\Local\\Temp\\tmphub2cvqh'

During handling of the above exception, another exception occurred:

Traceback (most recent call last):

[job 3][stderr]   File "C:\Users\Anirudra Kisku\Downloads\gse-webserver (5)\gse-webserver\python\run_pipeline.py", line 64, in main
    gse = fetch_geo.fetch_gse(args.gse)
  File "C:\Users\Anirudra Kisku\Downloads\gse-webserver (5)\gse-webserver\python\fetch_geo.py", line 33, in fetch_gse
    gse = GEOparse.get_GEO(geo=gse_id, destdir=destdir, silent=True)

[job 3][stderr]   File "C:\Users\Anirudra Kisku\anaconda3\Lib\site-packages\GEOparse\GEOparse.py", line 96, in get_GEO
    filepath, geotype = get_GEO_file(
                        ~~~~~~~~~~~~^
        geo,
        ^^^^
    ...<5 lines>...
        aspera=aspera,
        ^^^^^^^^^^^^^^
    )
    ^
  File "C:\Users\Anirudra Kisku\anaconda3\Lib\site-packages\GEOparse\GEOparse.py", line 263, in get_GEO_file
    utils.download_from_url(url, filepath, silent=silent, aspera=aspera)
    ~~~~~~~~~~~~~~~~~~~~~~~^^^^^^^^^^^^^^^^^^^^^^^^^^^^^^^^^^^^^^^^^^^^^
  File "C:\Users\Anirudra Kisku\anaconda3\Lib\site-packages\GEOparse\utils.py", line 82, in download_from_url
    raise IOError(
    ...<2 lines>...
    )
OSError: Download failed due to '[Errno 2] No such file or directory: 'C:\\Users\\ANIRUD~1\\AppData\\Local\\Temp\\tmphub2cvqh''. ID could be incorrect or the data might not be public yet.

Job 3 failed: Traceback (most recent call last):
  File "C:\Users\Anirudra Kisku\anaconda3\Lib\site-packages\GEOparse\utils.py", line 80, in download_from_url
    fn.download(silent=silent, force=force)
    ~~~~~~~~~~~^^^^^^^^^^^^^^^^^^^^^^^^^^^^
  File "C:\Users\Anirudra Kisku\anaconda3\Lib\site-packages\GEOparse\downloader.py", line 82, in download
    _download()
    ~~~~~~~~~^^
  File "C:\Users\Anirudra Kisku\anaconda3\Lib\site-packages\GEOparse\downloader.py", line 57, in _download
    shutil.copyfile(self._temp_file_name, self.destination)
    ~~~~~~~~~~~~~~~^^^^^^^^^^^^^^^^^^^^^^^^^^^^^^^^^^^^^^^^
  File "C:\Users\Anirudra Kisku\anaconda3\Lib\shutil.py", line 260, in copyfile
    with open(src, 'rb') as fsrc:
         ~~~~^^^^^^^^^^^
FileNotFoundError: [Errno 2] No such file or directory: 'C:\\Users\\ANIRUD~1\\AppData\\Local\\Temp\\tmphub2cvqh'

During handling of the above exception, another exception occurred:

Traceback (most recent call last):
  File "C:\Users\Anirudra Kisku\Downloads\gse-webserver (5)\gse-webserver\python\run_pipeline.py", line 64, in main
    gse = fetch_geo.fetch_gse(args.gse)
  File "C:\Users\Anirudra Kisku\Downloads\gse-webserver (5)\gse-webserver\python\fetch_geo.py", line 33, in fetch_gse
    gse = GEOparse.get_GEO(geo=gse_id, destdir=destdir, silent=True)
  File "C:\Users\Anirudra Kisku\anaconda3\Lib\site-packages\GEOparse\GEOparse.py", line 96, in get_GEO
    filepath, geotype = get_GEO_file(
                        ~~~~~~~~~~~~^
        geo,
        ^^^^
    ...<5 lines>...
        aspera=aspera,
        ^^^^^^^^^^^^^^
    )
    ^
  File "C:\Users\Anirudra Kisku\anaconda3\Lib\site-packages\GEOparse\GEOparse.py", line 263, in get_GEO_file
    utils.download_from_url(url, filepath, silent=silent, aspera=aspera)
    ~~~~~~~~~~~~~~~~~~~~~~~^^^^^^^^^^^^^^^^^^^^^^^^^^^^^^^^^^^^^^^^^^^^^
  File "C:\Users\Anirudra Kisku\anaconda3\Lib\site-packages\GEOparse\utils.py", line 82, in download_from_url
    raise IOError(
    ...<2 lines>...
    )
OSError: Download failed due to '[Errno 2] No such file or directory: 'C:\\Users\\ANIRUD~1\\AppData\\Local\\Temp\\tmphub2cvqh''. ID could be incorrect or the data might not be public yet.

[job 4][stderr] Traceback (most recent call last):

[job 4][stderr]   File "C:\Users\Anirudra Kisku\anaconda3\Lib\site-packages\GEOparse\utils.py", line 80, in download_from_url
    fn.download(silent=silent, force=force)
    ~~~~~~~~~~~^^^^^^^^^^^^^^^^^^^^^^^^^^^^
  File "C:\Users\Anirudra Kisku\anaconda3\Lib\site-packages\GEOparse\downloader.py", line 82, in download
    _download()
    ~~~~~~~~~^^
  File "C:\Users\Anirudra Kisku\anaconda3\Lib\site-packages\GEOparse\downloader.py", line 57, in _download
    shutil.copyfile(self._temp_file_name, self.destination)
    ~~~~~~~~~~~~~~~^^^^^^^^^^^^^^^^^^^^^^^^^^^^^^^^^^^^^^^^
  File "C:\Users\Anirudra Kisku\anaconda3\Lib\shutil.py", line 260, in copyfile
    with open(src, 'rb') as fsrc:
         ~~~~^^^^^^^^^^^

[job 4][stderr] FileNotFoundError: [Errno 2] No such file or directory: 'C:\\Users\\ANIRUD~1\\AppData\\Local\\Temp\\tmpyjq22md_'

During handling of the above exception, another exception occurred:

Traceback (most recent call last):

[job 4][stderr]   File "C:\Users\Anirudra Kisku\Downloads\gse-webserver (5)\gse-webserver\python\run_pipeline.py", line 64, in main
    gse = fetch_geo.fetch_gse(args.gse)
  File "C:\Users\Anirudra Kisku\Downloads\gse-webserver (5)\gse-webserver\python\fetch_geo.py", line 33, in fetch_gse
    gse = GEOparse.get_GEO(geo=gse_id, destdir=destdir, silent=True)
  File "C:\Users\Anirudra Kisku\anaconda3\Lib\site-packages\GEOparse\GEOparse.py", line 96, in get_GEO
    filepath, geotype = get_GEO_file(
                        ~~~~~~~~~~~~^
        geo,
        ^^^^
    ...<5 lines>...
        aspera=aspera,
        ^^^^^^^^^^^^^^
    )
    ^
  File "C:\Users\Anirudra Kisku\anaconda3\Lib\site-packages\GEOparse\GEOparse.py", line 263, in get_GEO_file
    utils.download_from_url(url, filepath, silent=silent, aspera=aspera)
    ~~~~~~~~~~~~~~~~~~~~~~~^^^^^^^^^^^^^^^^^^^^^^^^^^^^^^^^^^^^^^^^^^^^^
  File "C:\Users\Anirudra Kisku\anaconda3\Lib\site-packages\GEOparse\utils.py", line 82, in download_from_url
    raise IOError(
    ...<2 lines>...
    )
OSError: Download failed due to '[Errno 2] No such file or directory: 'C:\\Users\\ANIRUD~1\\AppData\\Local\\Temp\\tmpyjq22md_''. ID could be incorrect or the data might not be public yet.

Job 4 failed: Traceback (most recent call last):
  File "C:\Users\Anirudra Kisku\anaconda3\Lib\site-packages\GEOparse\utils.py", line 80, in download_from_url
    fn.download(silent=silent, force=force)
    ~~~~~~~~~~~^^^^^^^^^^^^^^^^^^^^^^^^^^^^
  File "C:\Users\Anirudra Kisku\anaconda3\Lib\site-packages\GEOparse\downloader.py", line 82, in download
    _download()
    ~~~~~~~~~^^
  File "C:\Users\Anirudra Kisku\anaconda3\Lib\site-packages\GEOparse\downloader.py", line 57, in _download
    shutil.copyfile(self._temp_file_name, self.destination)
    ~~~~~~~~~~~~~~~^^^^^^^^^^^^^^^^^^^^^^^^^^^^^^^^^^^^^^^^
  File "C:\Users\Anirudra Kisku\anaconda3\Lib\shutil.py", line 260, in copyfile
    with open(src, 'rb') as fsrc:
         ~~~~^^^^^^^^^^^
FileNotFoundError: [Errno 2] No such file or directory: 'C:\\Users\\ANIRUD~1\\AppData\\Local\\Temp\\tmpyjq22md_'

During handling of the above exception, another exception occurred:

Traceback (most recent call last):
  File "C:\Users\Anirudra Kisku\Downloads\gse-webserver (5)\gse-webserver\python\run_pipeline.py", line 64, in main
    gse = fetch_geo.fetch_gse(args.gse)
  File "C:\Users\Anirudra Kisku\Downloads\gse-webserver (5)\gse-webserver\python\fetch_geo.py", line 33, in fetch_gse
    gse = GEOparse.get_GEO(geo=gse_id, destdir=destdir, silent=True)
  File "C:\Users\Anirudra Kisku\anaconda3\Lib\site-packages\GEOparse\GEOparse.py", line 96, in get_GEO
    filepath, geotype = get_GEO_file(
                        ~~~~~~~~~~~~^
        geo,
        ^^^^
    ...<5 lines>...
        aspera=aspera,
        ^^^^^^^^^^^^^^
    )
    ^
  File "C:\Users\Anirudra Kisku\anaconda3\Lib\site-packages\GEOparse\GEOparse.py", line 263, in get_GEO_file
    utils.download_from_url(url, filepath, silent=silent, aspera=aspera)
    ~~~~~~~~~~~~~~~~~~~~~~~^^^^^^^^^^^^^^^^^^^^^^^^^^^^^^^^^^^^^^^^^^^^^
  File "C:\Users\Anirudra Kisku\anaconda3\Lib\site-packages\GEOparse\utils.py", line 82, in download_from_url
    raise IOError(
    ...<2 lines>...
    )
OSError: Download failed due to '[Errno 2] No such file or directory: 'C:\\Users\\ANIRUD~1\\AppData\\Local\\Temp\\tmpyjq22md_''. ID could be incorrect or the data might not be public yet.

[job 5][stderr] Traceback (most recent call last):

[job 5][stderr]   File "C:\Users\Anirudra Kisku\anaconda3\Lib\site-packages\GEOparse\utils.py", line 80, in download_from_url
    fn.download(silent=silent, force=force)
    ~~~~~~~~~~~^^^^^^^^^^^^^^^^^^^^^^^^^^^^
  File "C:\Users\Anirudra Kisku\anaconda3\Lib\site-packages\GEOparse\downloader.py", line 82, in download
    _download()
    ~~~~~~~~~^^
  File "C:\Users\Anirudra Kisku\anaconda3\Lib\site-packages\GEOparse\downloader.py", line 57, in _download
    shutil.copyfile(self._temp_file_name, self.destination)
    ~~~~~~~~~~~~~~~^^^^^^^^^^^^^^^^^^^^^^^^^^^^^^^^^^^^^^^^
  File "C:\Users\Anirudra Kisku\anaconda3\Lib\shutil.py", line 260, in copyfile
    with open(src, 'rb') as fsrc:
         ~~~~^^^^^^^^^^^
FileNotFoundError: [Errno 2] No such file or directory: 'C:\\Users\\ANIRUD~1\\AppData\\Local\\Temp\\tmp45i9cl3g'

[job 5][stderr] 
During handling of the above exception, another exception occurred:

Traceback (most recent call last):
  File "C:\Users\Anirudra Kisku\Downloads\gse-webserver (5)\gse-webserver\python\run_pipeline.py", line 64, in main
    gse = fetch_geo.fetch_gse(args.gse)
  File "C:\Users\Anirudra Kisku\Downloads\gse-webserver (5)\gse-webserver\python\fetch_geo.py", line 33, in fetch_gse
    gse = GEOparse.get_GEO(geo=gse_id, destdir=destdir, silent=True)
  File "C:\Users\Anirudra Kisku\anaconda3\Lib\site-packages\GEOparse\GEOparse.py", line 96, in get_GEO
    filepath, geotype = get_GEO_file(
                        ~~~~~~~~~~~~^
        geo,
        ^^^^
    ...<5 lines>...
        aspera=aspera,
        ^^^^^^^^^^^^^^
    )
    ^
  File "C:\Users\Anirudra Kisku\anaconda3\Lib\site-packages\GEOparse\GEOparse.py", line 263, in get_GEO_file
    utils.download_from_url(url, filepath, silent=silent, aspera=aspera)
    ~~~~~~~~~~~~~~~~~~~~~~~^^^^^^^^^^^^^^^^^^^^^^^^^^^^^^^^^^^^^^^^^^^^^
  File "C:\Users\Anirudra Kisku\anaconda3\Lib\site-packages\GEOparse\utils.py", line 82, in download_from_url
    raise IOError(
    ...<2 lines>...
    )
OSError: Download failed due to '[Errno 2] No such file or directory: 'C:\\Users\\ANIRUD~1\\AppData\\Local\\Temp\\tmp45i9cl3g''. ID could be incorrect or the data might not be public yet.

Job 5 failed: Traceback (most recent call last):
  File "C:\Users\Anirudra Kisku\anaconda3\Lib\site-packages\GEOparse\utils.py", line 80, in download_from_url
    fn.download(silent=silent, force=force)
    ~~~~~~~~~~~^^^^^^^^^^^^^^^^^^^^^^^^^^^^
  File "C:\Users\Anirudra Kisku\anaconda3\Lib\site-packages\GEOparse\downloader.py", line 82, in download
    _download()
    ~~~~~~~~~^^
  File "C:\Users\Anirudra Kisku\anaconda3\Lib\site-packages\GEOparse\downloader.py", line 57, in _download
    shutil.copyfile(self._temp_file_name, self.destination)
    ~~~~~~~~~~~~~~~^^^^^^^^^^^^^^^^^^^^^^^^^^^^^^^^^^^^^^^^
  File "C:\Users\Anirudra Kisku\anaconda3\Lib\shutil.py", line 260, in copyfile
    with open(src, 'rb') as fsrc:
         ~~~~^^^^^^^^^^^
FileNotFoundError: [Errno 2] No such file or directory: 'C:\\Users\\ANIRUD~1\\AppData\\Local\\Temp\\tmp45i9cl3g'

During handling of the above exception, another exception occurred:

Traceback (most recent call last):
  File "C:\Users\Anirudra Kisku\Downloads\gse-webserver (5)\gse-webserver\python\run_pipeline.py", line 64, in main
    gse = fetch_geo.fetch_gse(args.gse)
  File "C:\Users\Anirudra Kisku\Downloads\gse-webserver (5)\gse-webserver\python\fetch_geo.py", line 33, in fetch_gse
    gse = GEOparse.get_GEO(geo=gse_id, destdir=destdir, silent=True)
  File "C:\Users\Anirudra Kisku\anaconda3\Lib\site-packages\GEOparse\GEOparse.py", line 96, in get_GEO
    filepath, geotype = get_GEO_file(
                        ~~~~~~~~~~~~^
        geo,
        ^^^^
    ...<5 lines>...
        aspera=aspera,
        ^^^^^^^^^^^^^^
    )
    ^
  File "C:\Users\Anirudra Kisku\anaconda3\Lib\site-packages\GEOparse\GEOparse.py", line 263, in get_GEO_file
    utils.download_from_url(url, filepath, silent=silent, aspera=aspera)
    ~~~~~~~~~~~~~~~~~~~~~~~^^^^^^^^^^^^^^^^^^^^^^^^^^^^^^^^^^^^^^^^^^^^^
  File "C:\Users\Anirudra Kisku\anaconda3\Lib\site-packages\GEOparse\utils.py", line 82, in download_from_url
    raise IOError(
    ...<2 lines>...
    )
OSError: Download failed due to '[Errno 2] No such file or directory: 'C:\\Users\\ANIRUD~1\\AppData\\Local\\Temp\\tmp45i9cl3g''. ID could be incorrect or the data might not be public yet.

